#
# There is insufficient memory for the Java Runtime Environment to continue.
# Native memory allocation (mmap) failed to map 58720256 bytes. Error detail: G1 virtual space
# Possible reasons:
#   The system is out of physical RAM or swap space
#   This process is running with CompressedOops enabled, and the Java Heap may be blocking the growth of the native heap
# Possible solutions:
#   Reduce memory load on the system
#   Increase physical memory or swap space
#   Check if swap backing store is full
#   Decrease Java heap size (-Xmx/-Xms)
#   Decrease number of Java threads
#   Decrease Java thread stack sizes (-Xss)
#   Set larger code cache with -XX:ReservedCodeCacheSize=
#   JVM is running with Zero Based Compressed Oops mode in which the Java heap is
#     placed in the first 32GB address space. The Java Heap base address is the
#     maximum limit for the native heap growth. Please use -XX:HeapBaseMinAddress
#     to set the Java Heap base and to place the Java Heap above 32GB virtual address.
# This output file may be truncated or incomplete.
#
#  Out of Memory Error (os_windows.cpp:3583), pid=13168, tid=26372
#
# JRE version: OpenJDK Runtime Environment (26.0+35) (build 26+35-2893)
# Java VM: OpenJDK 64-Bit Server VM (26+35-2893, mixed mode, emulated-client, sharing, tiered, compressed oops, compressed class ptrs, g1 gc, windows-amd64)
# No core dump will be written. Minidumps are not enabled by default on client versions of Windows
#

---------------  S U M M A R Y ------------

Command Line: -XX:TieredStopAtLevel=1 -Dspring.output.ansi.enabled=always -Dcom.sun.management.jmxremote -Dspring.jmx.enabled=true -Dspring.liveBeansView.mbeanDomain -Dspring.application.admin.enabled=true -Dmanagement.endpoints.jmx.exposure.include=* -javaagent:C:\Program Files\JetBrains\IntelliJ IDEA 2024.3.4.1\lib\idea_rt.jar=57663 -Dfile.encoding=UTF-8 -Dsun.stdout.encoding=UTF-8 -Dsun.stderr.encoding=UTF-8 com.example.springlearning.spring_learning.SpringLearningApplication

Host: Intel(R) Core(TM) 7 150U, 12 cores, 15G,  Windows 11 , 64 bit Build 26100 (10.0.26100.8875)
Time: Mon Aug 10 00:04:16 2026 elapsed time: 8.992587 seconds (0d 0h 0m 8s)

---------------  T H R E A D  ---------------

Current thread (0x0000016c4d920520):  VMThread "VM Thread"          [id=26372, stack(0x0000006066a00000,0x0000006066b00000) (1024K)]

Stack: [0x0000006066a00000,0x0000006066b00000]
Native frames: (J=compiled Java code, j=interpreted, Vv=VM code, C=native code)
V  [jvm.dll+0x7d5719]  (no source info available)
V  [jvm.dll+0x7a367d]  (no source info available)
V  [jvm.dll+0x9b0aa0]  (no source info available)
V  [jvm.dll+0x9b2ef1]  (no source info available)
V  [jvm.dll+0x9b3603]  (no source info available)
V  [jvm.dll+0x30de86]  (no source info available)
V  [jvm.dll+0x7d4be5]  (no source info available)
V  [jvm.dll+0x7c7da7]  (no source info available)
V  [jvm.dll+0x4086f8]  (no source info available)
V  [jvm.dll+0x410a66]  (no source info available)
V  [jvm.dll+0x3fce04]  (no source info available)
V  [jvm.dll+0x3fd0f5]  (no source info available)
V  [jvm.dll+0x3d3a7f]  (no source info available)
V  [jvm.dll+0x3d6cec]  (no source info available)
V  [jvm.dll+0x4222fc]  (no source info available)
V  [jvm.dll+0x420c43]  (no source info available)
V  [jvm.dll+0x3d3218]  (no source info available)
V  [jvm.dll+0x420003]  (no source info available)
V  [jvm.dll+0x9b9ab1]  (no source info available)
V  [jvm.dll+0x9baa7b]  (no source info available)
V  [jvm.dll+0x9baf8c]  (no source info available)
V  [jvm.dll+0x9bb409]  (no source info available)
V  [jvm.dll+0x9bb6b3]  (no source info available)
V  [jvm.dll+0x94f4e9]  (no source info available)
V  [jvm.dll+0x7d71f8]  (no source info available)
C  [ucrtbase.dll+0x2cd30]  (no source info available)
C  [KERNEL32.DLL+0x2e957]  (no source info available)
C  [ntdll.dll+0xaad6c]  (no source info available)

VM_Operation (0x00000060662fd2f8): G1CollectForAllocation, mode: safepoint, requested by thread 0x0000016c3712dbb0


---------------  P R O C E S S  ---------------

Threads class SMR info:
_java_thread_list=0x0000016c53a15fe0, length=22, elements={
0x0000016c3712dbb0, 0x0000016c4d930490, 0x0000016c4d930c40, 0x0000016c4d935270,
0x0000016c4d938600, 0x0000016c4d9448b0, 0x0000016c4d93bcb0, 0x0000016c4d9775d0,
0x0000016c4d9ddce0, 0x0000016c4d9de4e0, 0x0000016c4da540e0, 0x0000016c4d93f360,
0x0000016c4d940300, 0x0000016c4d940ad0, 0x0000016c4dcee890, 0x0000016c4dcef060,
0x0000016c4dcf0000, 0x0000016c4dced8f0, 0x0000016c4dcf1f40, 0x0000016c52dc80a0,
0x0000016c52dcb750, 0x0000016c52dcaf80
}

Java Threads: ( => current thread )
  0x0000016c3712dbb0 JavaThread "main"                              [_thread_blocked, id=22180, stack(0x0000006066200000,0x0000006066300000) (1024K)]
  0x0000016c4d930490 JavaThread "Reference Handler"          daemon [_thread_blocked, id=25576, stack(0x0000006066b00000,0x0000006066c00000) (1024K)]
  0x0000016c4d930c40 JavaThread "Finalizer"                  daemon [_thread_blocked, id=25300, stack(0x0000006066c00000,0x0000006066d00000) (1024K)]
  0x0000016c4d935270 JavaThread "Signal Dispatcher"          daemon [_thread_blocked, id=18680, stack(0x0000006066d00000,0x0000006066e00000) (1024K)]
  0x0000016c4d938600 JavaThread "Attach Listener"            daemon [_thread_blocked, id=2276, stack(0x0000006066e00000,0x0000006066f00000) (1024K)]
  0x0000016c4d9448b0 JavaThread "Service Thread"             daemon [_thread_blocked, id=27412, stack(0x0000006066f00000,0x0000006067000000) (1024K)]
  0x0000016c4d93bcb0 JavaThread "Monitor Deflation Thread"   daemon [_thread_blocked, id=15256, stack(0x0000006067000000,0x0000006067100000) (1024K)]
  0x0000016c4d9775d0 JavaThread "C1 CompilerThread0"         daemon [_thread_blocked, id=15752, stack(0x0000006067100000,0x0000006067200000) (1024K)]
  0x0000016c4d9ddce0 JavaThread "C1 CompilerThread1"         daemon [_thread_blocked, id=5576, stack(0x0000006067200000,0x0000006067300000) (1024K)]
  0x0000016c4d9de4e0 JavaThread "C1 CompilerThread2"         daemon [_thread_blocked, id=23136, stack(0x0000006067300000,0x0000006067400000) (1024K)]
  0x0000016c4da540e0 JavaThread "C1 CompilerThread3"         daemon [_thread_blocked, id=31052, stack(0x0000006067400000,0x0000006067500000) (1024K)]
  0x0000016c4d93f360 JavaThread "Common-Cleaner"             daemon [_thread_blocked, id=10776, stack(0x0000006067500000,0x0000006067600000) (1024K)]
  0x0000016c4d940300 JavaThread "Monitor Ctrl-Break"         daemon [_thread_in_native, id=17360, stack(0x0000006067700000,0x0000006067800000) (1024K)]
  0x0000016c4d940ad0 JavaThread "Notification Thread"        daemon [_thread_blocked, id=17792, stack(0x0000006067800000,0x0000006067900000) (1024K)]
  0x0000016c4dcee890 JavaThread "RMI TCP Accept-0"           daemon [_thread_in_native, id=24936, stack(0x0000006067a00000,0x0000006067b00000) (1024K)]
  0x0000016c4dcef060 JavaThread "RMI TCP Connection(1)-192.168.20.137" daemon [_thread_blocked, id=24408, stack(0x0000006067b00000,0x0000006067c00000) (1024K)]
  0x0000016c4dcf0000 JavaThread "RMI Scheduler(0)"           daemon [_thread_blocked, id=5776, stack(0x0000006067d00000,0x0000006067e00000) (1024K)]
  0x0000016c4dced8f0 JavaThread "JMX server connection timeout 35" daemon [_thread_blocked, id=8320, stack(0x0000006067e00000,0x0000006067f00000) (1024K)]
  0x0000016c4dcf1f40 JavaThread "RMI TCP Connection(2)-192.168.20.137" daemon [_thread_blocked, id=14332, stack(0x0000006067f00000,0x0000006068000000) (1024K)]
  0x0000016c52dc80a0 JavaThread "Catalina-utility-1"                [_thread_blocked, id=21524, stack(0x0000006068800000,0x0000006068900000) (1024K)]
  0x0000016c52dcb750 JavaThread "Catalina-utility-2"                [_thread_blocked, id=28208, stack(0x0000006068900000,0x0000006068a00000) (1024K)]
  0x0000016c52dcaf80 JavaThread "container-0"                       [_thread_blocked, id=28636, stack(0x0000006068a00000,0x0000006068b00000) (1024K)]
Total: 22

Other Threads:
=>0x0000016c4d920520 VMThread "VM Thread"                           [id=26372, stack(0x0000006066a00000,0x0000006066b00000) (1024K)]
  0x0000016c4d90ee00 WatcherThread "VM Periodic Task Thread"        [id=27912, stack(0x0000006066900000,0x0000006066a00000) (1024K)]
  0x0000016c395e6030 WorkerThread "GC Thread#0"                     [id=7348, stack(0x0000006066300000,0x0000006066400000) (1024K)]
  0x0000016c4dcc8810 WorkerThread "GC Thread#1"                     [id=3172, stack(0x0000006067600000,0x0000006067700000) (1024K)]
  0x0000016c4dcd0160 WorkerThread "GC Thread#2"                     [id=12452, stack(0x0000006067900000,0x0000006067a00000) (1024K)]
  0x0000016c4dccfd10 WorkerThread "GC Thread#3"                     [id=21932, stack(0x0000006067c00000,0x0000006067d00000) (1024K)]
  0x0000016c529b2350 WorkerThread "GC Thread#4"                     [id=22400, stack(0x0000006068000000,0x0000006068100000) (1024K)]
  0x0000016c529aef90 WorkerThread "GC Thread#5"                     [id=16732, stack(0x0000006068100000,0x0000006068200000) (1024K)]
  0x0000016c529b0520 WorkerThread "GC Thread#6"                     [id=5048, stack(0x0000006068200000,0x0000006068300000) (1024K)]
  0x0000016c529b1ab0 WorkerThread "GC Thread#7"                     [id=5004, stack(0x0000006068300000,0x0000006068400000) (1024K)]
  0x0000016c529b1660 WorkerThread "GC Thread#8"                     [id=31672, stack(0x0000006068500000,0x0000006068600000) (1024K)]
  0x0000016c529af830 WorkerThread "GC Thread#9"                     [id=31076, stack(0x0000006068600000,0x0000006068700000) (1024K)]
  0x0000016c395fe990 ConcurrentGCThread "G1 Main Marker"            [id=8572, stack(0x0000006066400000,0x0000006066500000) (1024K)]
  0x0000016c39602310 WorkerThread "G1 Conc#0"                       [id=20816, stack(0x0000006066500000,0x0000006066600000) (1024K)]
  0x0000016c529b38e0 WorkerThread "G1 Conc#1"                       [id=18080, stack(0x0000006068400000,0x0000006068500000) (1024K)]
  0x0000016c529afc80 WorkerThread "G1 Conc#2"                       [id=8928, stack(0x0000006068700000,0x0000006068800000) (1024K)]
  0x0000016c3964e9b0 WorkerThread "G1 Refinement Workers#0"         [id=3720, stack(0x0000006066700000,0x0000006066800000) (1024K)]
  0x0000016c4d7e1ff0 ConcurrentGCThread "G1 Refine Control"         [id=23996, stack(0x0000006066600000,0x0000006066700000) (1024K)]
  0x0000016c4d7e37d0 ConcurrentGCThread "G1 Service"                [id=33508, stack(0x0000006066800000,0x0000006066900000) (1024K)]
Total: 19

Threads with active compile tasks:
Total: 0

VM state: at safepoint (normal execution)

VM Mutex/Monitor currently owned by a thread:  ([mutex/lock_event])
[0x00007ffcacc6ed08] Threads_lock - owner thread: 0x0000016c4d920520
[0x00007ffcacc6ef88] Heap_lock - owner thread: 0x0000016c3712dbb0

Heap address: 0x0000000704e00000, size: 4018 MB, Compressed Oops mode: Zero based, Oop shift amount: 3

CDS archive(s) mapped at: [0x0000000095000000-0x0000000095de0000-0x0000000095de0000), size 14548992, SharedBaseAddress: 0x0000000095000000, ArchiveRelocationMode: 1.
Compressed class space mapped at: 0x0000000096000000-0x00000000d6000000, reserved size: 1073741824
UseCompressedClassPointers 1, UseCompactObjectHeaders 0
Narrow klass pointer bits 32, Max shift 3
Narrow klass base: 0x0000000095000000, Narrow klass shift: 0
Encoding Range: [0x0000000095000000 - 0x0000000195000000), (4294967296 bytes)
Klass Range:    [0x0000000095000000 - 0x00000000d6000000), (1090519040 bytes)
Klass ID Range:  [8 - 1090519033) (1090519025)
Protection zone: [0x0000000095000000 - 0x0000000095010000), (65536 bytes)

GC Precious Log:
 CardTable entry size: 512
 Card Set container configuration: InlinePtr #cards 4 size 8 Array Of Cards #cards 16 size 48 Howl #buckets 8 coarsen threshold 3686 Howl Bitmap #cards 512 size 80 coarsen threshold 460 Card regions per heap region 1 cards per card region 4096
 CPUs: 12 total, 12 available
 Memory: 16068M
 Large Page Support: Disabled
 NUMA Support: Disabled
 Compressed Oops: Enabled (Zero based)
 Heap Region Size: 2M
 Heap Min Capacity: 8M
 Heap Initial Capacity: 8M
 Heap Max Capacity: 4018M
 Pre-touch: Disabled
 Parallel Workers: 10
 Concurrent Workers: 3
 Concurrent Refinement Workers: 10
 Periodic GC: Disabled

Heap:
 garbage-first heap   total reserved 4114432K, committed 28672K, used 17418K [0x0000000704e00000, 0x0000000800000000)
  region size 2M, 0 eden (0M), 1 survivor (2M), 8 old (16M), 0 humongous (0M), 5 free (10M)

Heap Regions: E=young(eden), S=young(survivor), O=old, HS=humongous(starts), HC=humongous(continues), CS=collection set, F=free, TAMS=top-at-mark-start, PB=parsable bottom
|    0|0x0000000704e00000, 0x0000000705000000, 0x0000000705000000|100%| O|  |TAMS 0x0000000705000000| PB 0x0000000704e00000| Untracked |  0
|    1|0x0000000705000000, 0x0000000705200000, 0x0000000705200000|100%| O|  |TAMS 0x0000000705200000| PB 0x0000000705000000| Untracked |  0
|    2|0x0000000705200000, 0x0000000705400000, 0x0000000705400000|100%| O|  |TAMS 0x0000000705400000| PB 0x0000000705200000| Untracked |  0
|    3|0x0000000705400000, 0x0000000705600000, 0x0000000705600000|100%| O|  |TAMS 0x0000000705600000| PB 0x0000000705400000| Untracked |  0
|    4|0x0000000705600000, 0x0000000705800000, 0x0000000705800000|100%| O|  |TAMS 0x0000000705800000| PB 0x0000000705600000| Untracked |  0
|    5|0x0000000705800000, 0x00000007059ce4d0, 0x0000000705a00000| 90%| O|  |TAMS 0x00000007059ce4d0| PB 0x0000000705800000| Untracked |  0
|    6|0x0000000705a00000, 0x0000000705c00000, 0x0000000705c00000|100%| O|  |TAMS 0x0000000705c00000| PB 0x0000000705a00000| Untracked |  0
|    7|0x0000000705c00000, 0x0000000705c00000, 0x0000000705e00000|  0%| F|  |TAMS 0x0000000705c00000| PB 0x0000000705c00000| Untracked |  0
|    8|0x0000000705e00000, 0x0000000705e00000, 0x0000000706000000|  0%| F|  |TAMS 0x0000000705e00000| PB 0x0000000705e00000| Untracked |  0
|    9|0x0000000706000000, 0x00000007061345a0, 0x0000000706200000| 60%| S|CS|TAMS 0x0000000706000000| PB 0x0000000706000000| Complete  |  0
|   10|0x0000000706200000, 0x0000000706200000, 0x0000000706400000|  0%| F|  |TAMS 0x0000000706200000| PB 0x0000000706200000| Untracked |  0
|   11|0x0000000706400000, 0x0000000706400000, 0x0000000706600000|  0%| F|  |TAMS 0x0000000706400000| PB 0x0000000706400000| Untracked |  0
| 2007|0x00000007ffc00000, 0x00000007ffe00000, 0x00000007ffe00000|100%| O|  |TAMS 0x00000007ffe00000| PB 0x00000007ffc00000| Untracked |  0
| 2008|0x00000007ffe00000, 0x00000007ffe00000, 0x0000000800000000|  0%| F|  |TAMS 0x00000007ffe00000| PB 0x00000007ffe00000| Untracked |  0

Card table byte_map: [0x0000016c45e60000,0x0000016c46640000] _byte_map_base: 0x0000016c42639000
Refinement table byte_map: [0x0000016c46640000,0x0000016c46e20000] _byte_map_base: 0x0000016c42e19000

Marking Bits: (CMBitMap*) 0x0000016c395e67b0
 Bits: [0x0000016c46e20000, 0x0000016c4ace8000)

Polling page: 0x0000016c373c0000

Metaspace:
Metaspace        used 29161K, committed 29632K, reserved 1114112K
 class space     used 4131K, committed 4352K, reserved 1048576K

Usage:
  Non-class:     24.44 MB used.
      Class:      4.03 MB used.
       Both:     28.48 MB used.

Virtual space:
  Non-class space:       64.00 MB reserved,      24.69 MB ( 39%) committed,  1 nodes.
      Class space:        1.00 GB reserved,       4.25 MB ( <1%) committed,  1 nodes.
             Both:        1.06 GB reserved,      28.94 MB (  3%) committed. 

Chunk freelists:
   Non-Class:  6.72 MB
       Class:  11.79 MB
        Both:  18.51 MB

MaxMetaspaceSize: unlimited
CompressedClassSpaceSize: 1.00 GB
Initial GC threshold: 21.00 MB
Current GC threshold: 42.75 MB
CDS: on
 - commit_granule_bytes: 65536.
 - commit_granule_words: 8192.
 - virtual_space_node_default_size: 8388608.
 - enlarge_chunks_in_place: 1.
UseCompressedClassPointers 1, UseCompactObjectHeaders 0
Narrow klass pointer bits 32, Max shift 3
Narrow klass base: 0x0000000095000000, Narrow klass shift: 0
Encoding Range: [0x0000000095000000 - 0x0000000195000000), (4294967296 bytes)
Klass Range:    [0x0000000095000000 - 0x00000000d6000000), (1090519040 bytes)
Klass ID Range:  [8 - 1090519033) (1090519025)
Protection zone: [0x0000000095000000 - 0x0000000095010000), (65536 bytes)


Internal statistics:

num_allocs_failed_limit: 3.
num_arena_births: 526.
num_arena_deaths: 0.
num_vsnodes_births: 2.
num_vsnodes_deaths: 0.
num_space_committed: 463.
num_space_uncommitted: 0.
num_chunks_returned_to_freelist: 3.
num_chunks_taken_from_freelist: 1545.
num_chunk_merges: 3.
num_chunk_splits: 1034.
num_chunks_enlarged: 774.
num_inconsistent_stats: 0.

CodeCache: size=49152Kb used=7574Kb max_used=7574Kb free=41577Kb
 bounds [0x0000016c42230000, 0x0000016c429a0000, 0x0000016c45230000]
 total_blobs=4833, nmethods=4274, adapters=481, full_count=0
Compilation: enabled, stopped_count=0, restarted_count=0

Compilation events (20 events):
Event: 6.977 Thread 0x0000016c4d9ddce0 4312       1       org.springframework.jmx.support.JmxUtils::getMBeanInterface (79 bytes)
Event: 6.977 Thread 0x0000016c4d9775d0 4313       1       org.springframework.jmx.support.JmxUtils::getMXBeanInterface (63 bytes)
Event: 6.977 Thread 0x0000016c4d9de4e0 nmethod 4311 0x0000016c42992788 code [0x0000016c42992880, 0x0000016c42992a98]
Event: 6.977 Thread 0x0000016c4d9775d0 nmethod 4313 0x0000016c42992b08 code [0x0000016c42992c00, 0x0000016c42992e20]
Event: 6.978 Thread 0x0000016c4da540e0 nmethod 4310 0x0000016c42992e88 code [0x0000016c42992f80, 0x0000016c429932d0]
Event: 6.978 Thread 0x0000016c4da540e0 4314       1       org.springframework.jmx.export.MBeanExporter::isExcluded (53 bytes)
Event: 6.978 Thread 0x0000016c4d9775d0 4315       1       org.springframework.jmx.export.MBeanExporter::isBeanDefinitionAbstract (43 bytes)
Event: 6.978 Thread 0x0000016c4d9775d0 nmethod 4315 0x0000016c42993308 code [0x0000016c42993400, 0x0000016c42993680]
Event: 6.978 Thread 0x0000016c4d9775d0 4316       1       org.springframework.core.annotation.MissingMergedAnnotation::withNonMergedAttributes (2 bytes)
Event: 6.978 Thread 0x0000016c4d9ddce0 nmethod 4312 0x0000016c42993708 code [0x0000016c42993800, 0x0000016c42993f40]
Event: 6.978 Thread 0x0000016c4d9775d0 nmethod 4316 0x0000016c42993f88 code [0x0000016c42994080, 0x0000016c42994138]
Event: 6.979 Thread 0x0000016c4da540e0 nmethod 4314 0x0000016c42994288 code [0x0000016c42994380, 0x0000016c42994670]
Event: 6.980 Thread 0x0000016c4d9775d0 4317       1       java.lang.invoke.MethodHandles$Lookup::makeHiddenClassDefiner (15 bytes)
Event: 6.980 Thread 0x0000016c4d9775d0 nmethod 4317 0x0000016c42994688 code [0x0000016c42994780, 0x0000016c42994920]
Event: 6.980 Thread 0x0000016c4d9de4e0 4321       1       java.lang.invoke.InvokerBytecodeGenerator::resolveFrom (81 bytes)
Event: 6.980 Thread 0x0000016c4d9775d0 4322       1       java.lang.invoke.MethodHandleStatics::traceLambdaForm (96 bytes)
Event: 6.980 Thread 0x0000016c4d9de4e0 nmethod 4321 0x0000016c42995288 code [0x0000016c42995380, 0x0000016c42995558]
Event: 6.981 Thread 0x0000016c4d9775d0 nmethod 4322 0x0000016c42995588 code [0x0000016c42995680, 0x0000016c42995710]
Event: 6.981 Thread 0x0000016c4da540e0 4323       1       org.apache.catalina.LifecycleState::getLifecycleEvent (5 bytes)
Event: 6.981 Thread 0x0000016c4da540e0 nmethod 4323 0x0000016c42995888 code [0x0000016c42995980, 0x0000016c42995a38]

GC Heap Usage History (20 events):
Event: 3.809 {heap After GC invocations=8 (full 0):
 garbage-first heap   total reserved 4114432K, committed 28672K, used 7558K [0x0000000704e00000, 0x0000000800000000)
  region size 2M, 0 eden (0M), 1 survivor (2M), 4 old (8M), 0 humongous (0M), 9 free (18M)
}
Event: 4.250 {heap Before GC invocations=8 (full 0):
 garbage-first heap   total reserved 4114432K, committed 28672K, used 21894K [0x0000000704e00000, 0x0000000800000000)
  region size 2M, 7 eden (14M), 1 survivor (2M), 4 old (8M), 0 humongous (0M), 2 free (4M)
}
Event: 4.256 {heap After GC invocations=9 (full 0):
 garbage-first heap   total reserved 4114432K, committed 28672K, used 8721K [0x0000000704e00000, 0x0000000800000000)
  region size 2M, 0 eden (0M), 1 survivor (2M), 4 old (8M), 0 humongous (0M), 9 free (18M)
}
Event: 4.607 {heap Before GC invocations=9 (full 0):
 garbage-first heap   total reserved 4114432K, committed 28672K, used 21009K [0x0000000704e00000, 0x0000000800000000)
  region size 2M, 7 eden (14M), 1 survivor (2M), 4 old (8M), 0 humongous (0M), 2 free (4M)
}
Event: 4.612 {heap After GC invocations=10 (full 0):
 garbage-first heap   total reserved 4114432K, committed 28672K, used 9541K [0x0000000704e00000, 0x0000000800000000)
  region size 2M, 0 eden (0M), 1 survivor (2M), 5 old (10M), 0 humongous (0M), 8 free (16M)
}
Event: 5.181 {heap Before GC invocations=10 (full 0):
 garbage-first heap   total reserved 4114432K, committed 28672K, used 19781K [0x0000000704e00000, 0x0000000800000000)
  region size 2M, 6 eden (12M), 1 survivor (2M), 5 old (10M), 0 humongous (0M), 2 free (4M)
}
Event: 5.185 {heap After GC invocations=11 (full 0):
 garbage-first heap   total reserved 4114432K, committed 28672K, used 11417K [0x0000000704e00000, 0x0000000800000000)
  region size 2M, 0 eden (0M), 1 survivor (2M), 5 old (10M), 0 humongous (0M), 8 free (16M)
}
Event: 5.517 {heap Before GC invocations=11 (full 0):
 garbage-first heap   total reserved 4114432K, committed 28672K, used 19609K [0x0000000704e00000, 0x0000000800000000)
  region size 2M, 5 eden (10M), 1 survivor (2M), 5 old (10M), 0 humongous (0M), 3 free (6M)
}
Event: 5.526 {heap After GC invocations=12 (full 0):
 garbage-first heap   total reserved 4114432K, committed 28672K, used 12475K [0x0000000704e00000, 0x0000000800000000)
  region size 2M, 0 eden (0M), 1 survivor (2M), 6 old (12M), 0 humongous (0M), 7 free (14M)
}
Event: 6.119 {heap Before GC invocations=13 (full 0):
 garbage-first heap   total reserved 4114432K, committed 28672K, used 22715K [0x0000000704e00000, 0x0000000800000000)
  region size 2M, 5 eden (10M), 1 survivor (2M), 6 old (12M), 0 humongous (0M), 2 free (4M)
}
Event: 6.125 {heap After GC invocations=14 (full 0):
 garbage-first heap   total reserved 4114432K, committed 28672K, used 13658K [0x0000000704e00000, 0x0000000800000000)
  region size 2M, 0 eden (0M), 1 survivor (2M), 7 old (14M), 0 humongous (0M), 6 free (12M)
}
Event: 6.239 {heap Before GC invocations=14 (full 0):
 garbage-first heap   total reserved 4114432K, committed 28672K, used 21850K [0x0000000704e00000, 0x0000000800000000)
  region size 2M, 4 eden (8M), 1 survivor (2M), 7 old (14M), 0 humongous (0M), 2 free (4M)
}
Event: 6.248 {heap After GC invocations=15 (full 0):
 garbage-first heap   total reserved 4114432K, committed 28672K, used 14186K [0x0000000704e00000, 0x0000000800000000)
  region size 2M, 0 eden (0M), 1 survivor (2M), 7 old (14M), 0 humongous (0M), 6 free (12M)
}
Event: 6.461 {heap Before GC invocations=15 (full 0):
 garbage-first heap   total reserved 4114432K, committed 28672K, used 22378K [0x0000000704e00000, 0x0000000800000000)
  region size 2M, 4 eden (8M), 1 survivor (2M), 7 old (14M), 0 humongous (0M), 2 free (4M)
}
Event: 6.465 {heap After GC invocations=16 (full 0):
 garbage-first heap   total reserved 4114432K, committed 28672K, used 14900K [0x0000000704e00000, 0x0000000800000000)
  region size 2M, 0 eden (0M), 1 survivor (2M), 7 old (14M), 0 humongous (0M), 6 free (12M)
}
Event: 6.734 {heap Before GC invocations=17 (full 0):
 garbage-first heap   total reserved 4114432K, committed 28672K, used 23092K [0x0000000704e00000, 0x0000000800000000)
  region size 2M, 4 eden (8M), 1 survivor (2M), 7 old (14M), 0 humongous (0M), 2 free (4M)
}
Event: 6.737 {heap After GC invocations=18 (full 0):
 garbage-first heap   total reserved 4114432K, committed 28672K, used 16225K [0x0000000704e00000, 0x0000000800000000)
  region size 2M, 0 eden (0M), 1 survivor (2M), 8 old (16M), 0 humongous (0M), 5 free (10M)
}
Event: 6.832 {heap Before GC invocations=18 (full 0):
 garbage-first heap   total reserved 4114432K, committed 28672K, used 22369K [0x0000000704e00000, 0x0000000800000000)
  region size 2M, 3 eden (6M), 1 survivor (2M), 8 old (16M), 0 humongous (0M), 2 free (4M)
}
Event: 6.839 {heap After GC invocations=19 (full 0):
 garbage-first heap   total reserved 4114432K, committed 28672K, used 16888K [0x0000000704e00000, 0x0000000800000000)
  region size 2M, 0 eden (0M), 1 survivor (2M), 8 old (16M), 0 humongous (0M), 5 free (10M)
}
Event: 6.985 {heap Before GC invocations=19 (full 0):
 garbage-first heap   total reserved 4114432K, committed 28672K, used 23032K [0x0000000704e00000, 0x0000000800000000)
  region size 2M, 3 eden (6M), 1 survivor (2M), 8 old (16M), 0 humongous (0M), 2 free (4M)
}

Metaspace Usage History (20 events):
Event: 3.809 {metaspace After GC invocations=8 (full 0):
 Metaspace       used 11522K, committed 11904K, reserved 1114112K
  class space    used 1560K, committed 1728K, reserved 1048576K
}
Event: 4.250 {metaspace Before GC invocations=8 (full 0):
 Metaspace       used 14984K, committed 15296K, reserved 1114112K
  class space    used 2047K, committed 2176K, reserved 1048576K
}
Event: 4.256 {metaspace After GC invocations=9 (full 0):
 Metaspace       used 14984K, committed 15296K, reserved 1114112K
  class space    used 2047K, committed 2176K, reserved 1048576K
}
Event: 4.607 {metaspace Before GC invocations=9 (full 0):
 Metaspace       used 18720K, committed 19136K, reserved 1114112K
  class space    used 2563K, committed 2752K, reserved 1048576K
}
Event: 4.612 {metaspace After GC invocations=10 (full 0):
 Metaspace       used 18720K, committed 19136K, reserved 1114112K
  class space    used 2563K, committed 2752K, reserved 1048576K
}
Event: 5.181 {metaspace Before GC invocations=10 (full 0):
 Metaspace       used 20546K, committed 20928K, reserved 1114112K
  class space    used 2862K, committed 3008K, reserved 1048576K
}
Event: 5.185 {metaspace After GC invocations=11 (full 0):
 Metaspace       used 20546K, committed 20928K, reserved 1114112K
  class space    used 2862K, committed 3008K, reserved 1048576K
}
Event: 5.517 {metaspace Before GC invocations=11 (full 0):
 Metaspace       used 21155K, committed 21504K, reserved 1114112K
  class space    used 2947K, committed 3072K, reserved 1048576K
}
Event: 5.526 {metaspace After GC invocations=12 (full 0):
 Metaspace       used 21155K, committed 21504K, reserved 1114112K
  class space    used 2947K, committed 3072K, reserved 1048576K
}
Event: 6.119 {metaspace Before GC invocations=13 (full 0):
 Metaspace       used 22934K, committed 23296K, reserved 1114112K
  class space    used 3211K, committed 3392K, reserved 1048576K
}
Event: 6.125 {metaspace After GC invocations=14 (full 0):
 Metaspace       used 22934K, committed 23296K, reserved 1114112K
  class space    used 3211K, committed 3392K, reserved 1048576K
}
Event: 6.239 {metaspace Before GC invocations=14 (full 0):
 Metaspace       used 23881K, committed 24256K, reserved 1114112K
  class space    used 3403K, committed 3584K, reserved 1048576K
}
Event: 6.248 {metaspace After GC invocations=15 (full 0):
 Metaspace       used 23881K, committed 24256K, reserved 1114112K
  class space    used 3403K, committed 3584K, reserved 1048576K
}
Event: 6.461 {metaspace Before GC invocations=15 (full 0):
 Metaspace       used 25808K, committed 26240K, reserved 1114112K
  class space    used 3625K, committed 3840K, reserved 1048576K
}
Event: 6.465 {metaspace After GC invocations=16 (full 0):
 Metaspace       used 25808K, committed 26240K, reserved 1114112K
  class space    used 3625K, committed 3840K, reserved 1048576K
}
Event: 6.734 {metaspace Before GC invocations=17 (full 0):
 Metaspace       used 26888K, committed 27392K, reserved 1114112K
  class space    used 3797K, committed 4032K, reserved 1048576K
}
Event: 6.737 {metaspace After GC invocations=18 (full 0):
 Metaspace       used 26888K, committed 27392K, reserved 1114112K
  class space    used 3797K, committed 4032K, reserved 1048576K
}
Event: 6.832 {metaspace Before GC invocations=18 (full 0):
 Metaspace       used 27937K, committed 28416K, reserved 1114112K
  class space    used 3952K, committed 4160K, reserved 1048576K
}
Event: 6.839 {metaspace After GC invocations=19 (full 0):
 Metaspace       used 27937K, committed 28416K, reserved 1114112K
  class space    used 3952K, committed 4160K, reserved 1048576K
}
Event: 6.986 {metaspace Before GC invocations=19 (full 0):
 Metaspace       used 29161K, committed 29632K, reserved 1114112K
  class space    used 4131K, committed 4352K, reserved 1048576K
}

Dll operation events (20 events):
Event: 0.329 Attempting to load shared library C:\Users\mateu\.jdks\openjdk-26\bin\zip.dll
Event: 0.332 Loaded shared library C:\Users\mateu\.jdks\openjdk-26\bin\zip.dll
Event: 0.338 Attempting to load shared library C:\Users\mateu\.jdks\openjdk-26\bin\instrument.dll
Event: 0.338 Loaded shared library C:\Users\mateu\.jdks\openjdk-26\bin\instrument.dll
Event: 0.347 Attempting to load shared library C:\Users\mateu\.jdks\openjdk-26\bin\net.dll
Event: 0.348 Loaded shared library C:\Users\mateu\.jdks\openjdk-26\bin\net.dll
Event: 0.351 Attempting to load shared library C:\Users\mateu\.jdks\openjdk-26\bin\nio.dll
Event: 0.352 Loaded shared library C:\Users\mateu\.jdks\openjdk-26\bin\nio.dll
Event: 0.358 Attempting to load shared library C:\Users\mateu\.jdks\openjdk-26\bin\zip.dll
Event: 0.358 Loaded shared library C:\Users\mateu\.jdks\openjdk-26\bin\zip.dll
Event: 0.455 Attempting to load shared library C:\Users\mateu\.jdks\openjdk-26\bin\jimage.dll
Event: 0.455 Loaded shared library C:\Users\mateu\.jdks\openjdk-26\bin\jimage.dll
Event: 0.542 Attempting to load shared library C:\Users\mateu\.jdks\openjdk-26\bin\extnet.dll
Event: 0.544 Loaded shared library C:\Users\mateu\.jdks\openjdk-26\bin\extnet.dll
Event: 0.558 Attempting to load shared library C:\Users\mateu\.jdks\openjdk-26\bin\management.dll
Event: 0.560 Loaded shared library C:\Users\mateu\.jdks\openjdk-26\bin\management.dll
Event: 0.597 Attempting to load shared library C:\Users\mateu\.jdks\openjdk-26\bin\management_ext.dll
Event: 0.599 Loaded shared library C:\Users\mateu\.jdks\openjdk-26\bin\management_ext.dll
Event: 4.721 Attempting to load shared library C:\Users\mateu\.jdks\openjdk-26\bin\sunmscapi.dll
Event: 4.728 Loaded shared library C:\Users\mateu\.jdks\openjdk-26\bin\sunmscapi.dll

Deoptimization events (2 events):
Event: 3.541 Thread 0x0000016c3712dbb0 DEOPT PACKING pc=0x0000016c4264c634 sp=0x00000060662fc2b0
Event: 3.541 Thread 0x0000016c3712dbb0 DEOPT UNPACKING pc=0x0000016c42281a02 sp=0x00000060662fb7a8 mode 0

Classes loaded (20 events):
Event: 6.982 Loading class java/nio/channels/spi/SelectorProvider
Event: 6.982 Loading class java/nio/channels/spi/SelectorProvider done
Event: 6.982 Loading class java/nio/channels/spi/SelectorProvider$Holder
Event: 6.982 Loading class java/nio/channels/spi/SelectorProvider$Holder done
Event: 6.983 Loading class sun/nio/ch/DefaultSelectorProvider
Event: 6.983 Loading class sun/nio/ch/DefaultSelectorProvider done
Event: 6.983 Loading class sun/nio/ch/WEPollSelectorProvider
Event: 6.983 Loading class sun/nio/ch/SelectorProviderImpl
Event: 6.983 Loading class sun/nio/ch/SelectorProviderImpl done
Event: 6.983 Loading class sun/nio/ch/WEPollSelectorProvider done
Event: 6.983 Loading class sun/nio/ch/ServerSocketChannelImpl
Event: 6.984 Loading class sun/nio/ch/ServerSocketChannelImpl done
Event: 6.984 Loading class sun/nio/ch/ServerSocketAdaptor
Event: 6.984 Loading class sun/nio/ch/ServerSocketAdaptor done
Event: 6.984 Loading class sun/nio/ch/DummySocketImpl
Event: 6.984 Loading class sun/nio/ch/DummySocketImpl done
Event: 6.984 Loading class java/net/BindException
Event: 6.984 Loading class java/net/BindException done
Event: 6.985 Loading class java/util/function/IntSupplier
Event: 6.985 Loading class java/util/function/IntSupplier done

Classes unloaded (0 events):
No events

Classes redefined (0 events):
No events

Internal exceptions (20 events):
Event: 6.199 Thread 0x0000016c3712dbb0 Exception <a 'java/lang/IncompatibleClassChangeError'{0x00000007063c2438}: Found class java.lang.Object, but interface was expected> (0x00000007063c2438) 
thrown [s\open\src\hotspot\share\interpreter\linkResolver.cpp, line 871]
Event: 6.200 Thread 0x0000016c3712dbb0 Exception <a 'java/lang/IncompatibleClassChangeError'{0x00000007063e9ed0}: Found class java.lang.Object, but interface was expected> (0x00000007063e9ed0) 
thrown [s\open\src\hotspot\share\interpreter\linkResolver.cpp, line 871]
Event: 6.200 Thread 0x0000016c3712dbb0 Exception <a 'java/lang/IncompatibleClassChangeError'{0x00000007063fa2c0}: Found class java.lang.Object, but interface was expected> (0x00000007063fa2c0) 
thrown [s\open\src\hotspot\share\interpreter\linkResolver.cpp, line 871]
Event: 6.200 Thread 0x0000016c3712dbb0 Exception <a 'java/lang/IncompatibleClassChangeError'{0x0000000706012918}: Found class java.lang.Object, but interface was expected> (0x0000000706012918) 
thrown [s\open\src\hotspot\share\interpreter\linkResolver.cpp, line 871]
Event: 6.204 Thread 0x0000016c3712dbb0 Exception <a 'java/lang/NoSuchMethodError'{0x0000000706092048}: 'void java.lang.invoke.DirectMethodHandle$Holder.invokeStatic(java.lang.Object, java.lang.Object, java.lang.Object, int, java.lang.Object)'> (0x0000000706092048) 
thrown [s\open\src\hotspot\share\interpreter\linkResolver.cpp, line 804]
Event: 6.210 Thread 0x0000016c3712dbb0 Exception <a 'java/lang/NoSuchMethodError'{0x000000070617ce60}: 'void java.lang.invoke.DirectMethodHandle$Holder.invokeStatic(java.lang.Object, int, java.lang.Object)'> (0x000000070617ce60) 
thrown [s\open\src\hotspot\share\interpreter\linkResolver.cpp, line 804]
Event: 6.236 Thread 0x0000016c3712dbb0 Exception <a 'java/lang/NoSuchMethodError'{0x0000000705fd5070}: 'java.lang.Object java.lang.invoke.DirectMethodHandle$Holder.invokeVirtual(java.lang.Object, java.lang.Object, java.lang.Object, java.lang.Object, java.lang.Object)'> (0x0000000705fd5070) 
thrown [s\open\src\hotspot\share\interpreter\linkResolver.cpp, line 804]
Event: 6.385 Thread 0x0000016c3712dbb0 Exception <a 'java/lang/NoSuchMethodError'{0x00000007060eccd8}: 'int java.lang.invoke.DirectMethodHandle$Holder.invokeVirtual(java.lang.Object, java.lang.Object, java.lang.Object, java.lang.Object)'> (0x00000007060eccd8) 
thrown [s\open\src\hotspot\share\interpreter\linkResolver.cpp, line 804]
Event: 6.409 Thread 0x0000016c3712dbb0 Exception <a 'java/io/FileNotFoundException'{0x0000000705e02280}> (0x0000000705e02280) 
thrown [s\open\src\hotspot\share\prims\jni.cpp, line 514]
Event: 6.457 Thread 0x0000016c3712dbb0 Exception <a 'java/lang/NoSuchMethodError'{0x0000000705f66c58}: 'int java.lang.invoke.DirectMethodHandle$Holder.invokeInterface(java.lang.Object, java.lang.Object, java.lang.Object, java.lang.Object)'> (0x0000000705f66c58) 
thrown [s\open\src\hotspot\share\interpreter\linkResolver.cpp, line 804]
Event: 6.597 Thread 0x0000016c3712dbb0 Exception <a 'java/lang/NoSuchMethodError'{0x00000007062e43c0}: 'void java.lang.invoke.DirectMethodHandle$Holder.invokeVirtual(java.lang.Object, java.lang.Object, long)'> (0x00000007062e43c0) 
thrown [s\open\src\hotspot\share\interpreter\linkResolver.cpp, line 804]
Event: 6.669 Thread 0x0000016c3712dbb0 Exception <a 'java/lang/NoSuchMethodError'{0x000000070612b4d0}: 'java.lang.Object java.lang.invoke.DirectMethodHandle$Holder.newInvokeSpecial(java.lang.Object, java.lang.Object, java.lang.Object, java.lang.Object, java.lang.Object, java.lang.Object, java.lang.Object, java.lang.Object, java.lang.Object, java.lang.Object, java.lang.Object)'> (0x000000070612b4d0) 
thrown [s\open\src\hotspot\share\interpreter\linkResolver.cpp, line 804]
Event: 6.719 Thread 0x0000016c3712dbb0 Exception <a 'java/lang/NoSuchMethodError'{0x0000000705f360a8}: 'java.lang.Object java.lang.invoke.DirectMethodHandle$Holder.invokeVirtual(java.lang.Object, java.lang.Object, java.lang.Object, java.lang.Object)'> (0x0000000705f360a8) 
thrown [s\open\src\hotspot\share\interpreter\linkResolver.cpp, line 804]
Event: 6.747 Thread 0x0000016c3712dbb0 Exception <a 'java/lang/NoSuchMethodError'{0x00000007064ac898}: 'java.lang.Object java.lang.invoke.DirectMethodHandle$Holder.invokeVirtual(java.lang.Object, java.lang.Object, java.lang.Object, int)'> (0x00000007064ac898) 
thrown [s\open\src\hotspot\share\interpreter\linkResolver.cpp, line 804]
Event: 6.769 Thread 0x0000016c3712dbb0 Exception <a 'java/lang/NoSuchMethodError'{0x0000000706240e60}: 'java.lang.Object java.lang.invoke.DirectMethodHandle$Holder.invokeVirtual(java.lang.Object, java.lang.Object, int)'> (0x0000000706240e60) 
thrown [s\open\src\hotspot\share\interpreter\linkResolver.cpp, line 804]
Event: 6.829 Thread 0x0000016c3712dbb0 Exception <a 'java/lang/IncompatibleClassChangeError'{0x000000070619cf08}: Found class java.lang.Object, but interface was expected> (0x000000070619cf08) 
thrown [s\open\src\hotspot\share\interpreter\linkResolver.cpp, line 871]
Event: 6.895 Thread 0x0000016c3712dbb0 Exception <a 'java/lang/NoSuchMethodError'{0x00000007064a5bb8}: 'int java.lang.invoke.DirectMethodHandle$Holder.invokeStaticInit(java.lang.Object, java.lang.Object, java.lang.Object, java.lang.Object)'> (0x00000007064a5bb8) 
thrown [s\open\src\hotspot\share\interpreter\linkResolver.cpp, line 804]
Event: 6.980 Thread 0x0000016c3712dbb0 Exception <a 'java/lang/NoSuchMethodError'{0x00000007063c1408}: 'java.lang.Object java.lang.invoke.DirectMethodHandle$Holder.newInvokeSpecial(java.lang.Object, java.lang.Object, int, java.lang.Object, java.lang.Object)'> (0x00000007063c1408) 
thrown [s\open\src\hotspot\share\interpreter\linkResolver.cpp, line 804]
Event: 6.980 Thread 0x0000016c3712dbb0 Exception <a 'java/lang/NoSuchMethodError'{0x00000007063d1958}: 'java.lang.Object java.lang.invoke.Invokers$Holder.linkToTargetMethod(java.lang.Object, int, java.lang.Object, java.lang.Object, java.lang.Object)'> (0x00000007063d1958) 
thrown [s\open\src\hotspot\share\interpreter\linkResolver.cpp, line 804]
Event: 6.985 Thread 0x0000016c3712dbb0 Exception <a 'java/net/BindException'{0x00000007063ed3a8}: Address already in use: bind> (0x00000007063ed3a8) 
thrown [s\open\src\hotspot\share\prims\jni.cpp, line 532]

VM Operations (20 events):
Event: 6.486 Executing safepoint VM operation: G1PauseCleanup done
Event: 6.495 Executing non-safepoint VM operation: HandshakeAllThreads (Deoptimize)
Event: 6.495 Executing non-safepoint VM operation: HandshakeAllThreads (Deoptimize) done
Event: 6.571 Executing non-safepoint VM operation: HandshakeAllThreads (Deoptimize)
Event: 6.571 Executing non-safepoint VM operation: HandshakeAllThreads (Deoptimize) done
Event: 6.629 Executing non-safepoint VM operation: HandshakeAllThreads (Deoptimize)
Event: 6.629 Executing non-safepoint VM operation: HandshakeAllThreads (Deoptimize) done
Event: 6.734 Executing safepoint VM operation: G1CollectForAllocation (G1 Evacuation Pause)
Event: 6.737 Executing safepoint VM operation: G1CollectForAllocation (G1 Evacuation Pause) done
Event: 6.815 Executing non-safepoint VM operation: HandshakeAllThreads (Deoptimize)
Event: 6.815 Executing non-safepoint VM operation: HandshakeAllThreads (Deoptimize) done
Event: 6.832 Executing safepoint VM operation: G1CollectForAllocation (G1 Evacuation Pause)
Event: 6.839 Executing safepoint VM operation: G1CollectForAllocation (G1 Evacuation Pause) done
Event: 6.844 Executing non-safepoint VM operation: HandshakeAllThreads (Deoptimize)
Event: 6.844 Executing non-safepoint VM operation: HandshakeAllThreads (Deoptimize) done
Event: 6.848 Executing non-safepoint VM operation: HandshakeAllThreads (Deoptimize)
Event: 6.848 Executing non-safepoint VM operation: HandshakeAllThreads (Deoptimize) done
Event: 6.875 Executing non-safepoint VM operation: HandshakeAllThreads (Deoptimize)
Event: 6.875 Executing non-safepoint VM operation: HandshakeAllThreads (Deoptimize) done
Event: 6.985 Executing safepoint VM operation: G1CollectForAllocation (G1 Evacuation Pause)

Memory protections (0 events):
No events

Nmethod flushes (20 events):
Event: 6.479 Thread 0x0000016c4d920520 flushing  nmethod 0x0000016c425ce588
Event: 6.479 Thread 0x0000016c4d920520 flushing  nmethod 0x0000016c425ceb88
Event: 6.479 Thread 0x0000016c4d920520 flushing  nmethod 0x0000016c425d8e88
Event: 6.479 Thread 0x0000016c4d920520 flushing  nmethod 0x0000016c425d9188
Event: 6.479 Thread 0x0000016c4d920520 flushing  nmethod 0x0000016c425fa388
Event: 6.479 Thread 0x0000016c4d920520 flushing  nmethod 0x0000016c425fa688
Event: 6.479 Thread 0x0000016c4d920520 flushing  nmethod 0x0000016c425fa988
Event: 6.479 Thread 0x0000016c4d920520 flushing  nmethod 0x0000016c425fb008
Event: 6.479 Thread 0x0000016c4d920520 flushing  nmethod 0x0000016c425fb388
Event: 6.479 Thread 0x0000016c4d920520 flushing  nmethod 0x0000016c425fbe08
Event: 6.479 Thread 0x0000016c4d920520 flushing  nmethod 0x0000016c425fd688
Event: 6.479 Thread 0x0000016c4d920520 flushing  nmethod 0x0000016c4261db08
Event: 6.479 Thread 0x0000016c4d920520 flushing  nmethod 0x0000016c4261e108
Event: 6.479 Thread 0x0000016c4d920520 flushing  nmethod 0x0000016c42650388
Event: 6.479 Thread 0x0000016c4d920520 flushing  nmethod 0x0000016c42660d88
Event: 6.479 Thread 0x0000016c4d920520 flushing  nmethod 0x0000016c42661088
Event: 6.479 Thread 0x0000016c4d920520 flushing  nmethod 0x0000016c426de988
Event: 6.479 Thread 0x0000016c4d920520 flushing  nmethod 0x0000016c42756488
Event: 6.479 Thread 0x0000016c4d920520 flushing  nmethod 0x0000016c427b0888
Event: 6.479 Thread 0x0000016c4d920520 flushing  nmethod 0x0000016c4286f908

Events (20 events):
Event: 3.401 Thread 0x0000016c52dc78d0 Thread exited: 0x0000016c52dc78d0
Event: 3.917 Thread 0x0000016c4dcef060 Thread added: 0x0000016c52dc5990
Event: 3.928 Thread 0x0000016c52dc5990 Thread exited: 0x0000016c52dc5990
Event: 4.003 Thread 0x0000016c3712dbb0 Thread added: 0x0000016c52dc7100
Event: 4.432 Thread 0x0000016c4dcef060 Thread added: 0x0000016c52dc80a0
Event: 4.442 Thread 0x0000016c52dc80a0 Thread exited: 0x0000016c52dc80a0
Event: 4.803 Thread 0x0000016c52dc7100 Thread exited: 0x0000016c52dc7100
Event: 4.889 Thread 0x0000016c3712dbb0 Thread added: 0x0000016c52dc7100
Event: 4.904 Thread 0x0000016c52dc7100 Thread exited: 0x0000016c52dc7100
Event: 4.959 Thread 0x0000016c4dcef060 Thread added: 0x0000016c52dc7100
Event: 4.969 Thread 0x0000016c52dc7100 Thread exited: 0x0000016c52dc7100
Event: 5.489 Thread 0x0000016c4dcef060 Thread added: 0x0000016c52dc51c0
Event: 5.498 Thread 0x0000016c52dc51c0 Thread exited: 0x0000016c52dc51c0
Event: 6.025 Thread 0x0000016c4dcef060 Thread added: 0x0000016c52dc51c0
Event: 6.042 Thread 0x0000016c52dc51c0 Thread exited: 0x0000016c52dc51c0
Event: 6.557 Thread 0x0000016c4dcef060 Thread added: 0x0000016c52dc51c0
Event: 6.569 Thread 0x0000016c52dc51c0 Thread exited: 0x0000016c52dc51c0
Event: 6.578 Thread 0x0000016c3712dbb0 Thread added: 0x0000016c52dc80a0
Event: 6.580 Thread 0x0000016c52dc80a0 Thread added: 0x0000016c52dcb750
Event: 6.585 Thread 0x0000016c3712dbb0 Thread added: 0x0000016c52dcaf80


Dynamic libraries:
0x00007ff640310000 - 0x00007ff64031e000 	C:\Users\mateu\.jdks\openjdk-26\bin\java.exe
0x00007ffd80480000 - 0x00007ffd806e6000 	C:\WINDOWS\SYSTEM32\ntdll.dll
0x00007ffd7ed70000 - 0x00007ffd7ee39000 	C:\WINDOWS\System32\KERNEL32.DLL
0x00007ffd7d9f0000 - 0x00007ffd7ddee000 	C:\WINDOWS\System32\KERNELBASE.dll
0x00007ffd7d760000 - 0x00007ffd7d8ac000 	C:\WINDOWS\System32\ucrtbase.dll
0x00007ffd79a50000 - 0x00007ffd79a6e000 	C:\Users\mateu\.jdks\openjdk-26\bin\VCRUNTIME140.dll
0x00007ffd79a80000 - 0x00007ffd79a97000 	C:\Users\mateu\.jdks\openjdk-26\bin\jli.dll
0x00007ffd7fa40000 - 0x00007ffd7fc07000 	C:\WINDOWS\System32\USER32.dll
0x00007ffd5cbf0000 - 0x00007ffd5ce82000 	C:\WINDOWS\WinSxS\amd64_microsoft.windows.common-controls_6595b64144ccf1df_6.0.26100.8875_none_3e0d5d42e32fe9dd\COMCTL32.dll
0x00007ffd7deb0000 - 0x00007ffd7ded7000 	C:\WINDOWS\System32\win32u.dll
0x00007ffd7f470000 - 0x00007ffd7f49b000 	C:\WINDOWS\System32\GDI32.dll
0x00007ffd7ea60000 - 0x00007ffd7eb09000 	C:\WINDOWS\System32\msvcrt.dll
0x00007ffd7d8c0000 - 0x00007ffd7d9ea000 	C:\WINDOWS\System32\gdi32full.dll
0x00007ffd7de00000 - 0x00007ffd7dea3000 	C:\WINDOWS\System32\msvcp_win.dll
0x00007ffd7eeb0000 - 0x00007ffd7eee2000 	C:\WINDOWS\System32\IMM32.DLL
0x00007ffd75490000 - 0x00007ffd7549c000 	C:\Users\mateu\.jdks\openjdk-26\bin\vcruntime140_1.dll
0x00007ffd5a090000 - 0x00007ffd5a11d000 	C:\Users\mateu\.jdks\openjdk-26\bin\msvcp140.dll
0x00007ffcabe90000 - 0x00007ffcacd5e000 	C:\Users\mateu\.jdks\openjdk-26\bin\server\jvm.dll
0x00007ffd7e200000 - 0x00007ffd7e2b7000 	C:\WINDOWS\System32\ADVAPI32.dll
0x00007ffd7f990000 - 0x00007ffd7fa3a000 	C:\WINDOWS\System32\sechost.dll
0x00007ffd7f860000 - 0x00007ffd7f978000 	C:\WINDOWS\System32\RPCRT4.dll
0x00007ffd7fce0000 - 0x00007ffd7fd60000 	C:\WINDOWS\System32\WS2_32.dll
0x00007ffd7d520000 - 0x00007ffd7d57e000 	C:\WINDOWS\SYSTEM32\POWRPROF.dll
0x00007ffd726b0000 - 0x00007ffd726bb000 	C:\WINDOWS\SYSTEM32\VERSION.dll
0x00007ffd7adc0000 - 0x00007ffd7adf6000 	C:\WINDOWS\SYSTEM32\WINMM.dll
0x00007ffd7d4e0000 - 0x00007ffd7d4f4000 	C:\WINDOWS\SYSTEM32\UMPDC.dll
0x00007ffd7c380000 - 0x00007ffd7c39b000 	C:\WINDOWS\SYSTEM32\kernel.appcore.dll
0x00007ffd75480000 - 0x00007ffd7548a000 	C:\Users\mateu\.jdks\openjdk-26\bin\jimage.dll
0x00007ffd7aae0000 - 0x00007ffd7ad22000 	C:\WINDOWS\SYSTEM32\DBGHELP.DLL
0x00007ffd80080000 - 0x00007ffd80403000 	C:\WINDOWS\System32\combase.dll
0x00007ffd7fe70000 - 0x00007ffd7ff49000 	C:\WINDOWS\System32\OLEAUT32.dll
0x00007ffd7ad80000 - 0x00007ffd7adbb000 	C:\WINDOWS\SYSTEM32\dbgcore.DLL
0x00007ffd7d6a0000 - 0x00007ffd7d74c000 	C:\WINDOWS\System32\bcryptPrimitives.dll
0x00007ffd70870000 - 0x00007ffd70880000 	C:\Users\mateu\.jdks\openjdk-26\bin\instrument.dll
0x00007ffd5a1b0000 - 0x00007ffd5a1cf000 	C:\Users\mateu\.jdks\openjdk-26\bin\java.dll
0x00007ffd7f6c0000 - 0x00007ffd7f859000 	C:\WINDOWS\System32\ole32.dll
0x00007ffd7e2c0000 - 0x00007ffd7ea52000 	C:\WINDOWS\System32\SHELL32.dll
0x00007ffd7b120000 - 0x00007ffd7b9b2000 	C:\WINDOWS\SYSTEM32\windows.storage.dll
0x00007ffd7fd70000 - 0x00007ffd7fe67000 	C:\WINDOWS\System32\SHCORE.dll
0x00007ffd7ee40000 - 0x00007ffd7eea7000 	C:\WINDOWS\System32\shlwapi.dll
0x00007ffd7d5c0000 - 0x00007ffd7d5e9000 	C:\WINDOWS\SYSTEM32\profapi.dll
0x00007ffd59ff0000 - 0x00007ffd5a007000 	C:\Users\mateu\.jdks\openjdk-26\bin\zip.dll
0x00007ffd599b0000 - 0x00007ffd599c2000 	C:\Users\mateu\.jdks\openjdk-26\bin\net.dll
0x00007ffd7c930000 - 0x00007ffd7c99c000 	C:\WINDOWS\system32\mswsock.dll
0x00007ffd59990000 - 0x00007ffd599a6000 	C:\Users\mateu\.jdks\openjdk-26\bin\nio.dll
0x00007ffd7be20000 - 0x00007ffd7bf76000 	C:\WINDOWS\SYSTEM32\DNSAPI.dll
0x00007ffd7c710000 - 0x00007ffd7c71d000 	C:\WINDOWS\SYSTEM32\DSPARSE.dll
0x00007ffd7bd30000 - 0x00007ffd7bd63000 	C:\WINDOWS\SYSTEM32\IPHLPAPI.DLL
0x00007ffd7f980000 - 0x00007ffd7f98a000 	C:\WINDOWS\System32\NSI.dll
0x00007ffd726c0000 - 0x00007ffd726cb000 	C:\Windows\System32\rasadhlp.dll
0x00007ffd74010000 - 0x00007ffd74096000 	C:\WINDOWS\System32\fwpuclnt.dll
0x00007ffd68c80000 - 0x00007ffd68c89000 	C:\Users\mateu\.jdks\openjdk-26\bin\extnet.dll
0x00007ffd5a160000 - 0x00007ffd5a16a000 	C:\Users\mateu\.jdks\openjdk-26\bin\management.dll
0x00007ffd59fe0000 - 0x00007ffd59fec000 	C:\Users\mateu\.jdks\openjdk-26\bin\management_ext.dll
0x00007ffd7fc10000 - 0x00007ffd7fc18000 	C:\WINDOWS\System32\PSAPI.DLL
0x00007ffd7cc30000 - 0x00007ffd7cc4b000 	C:\WINDOWS\SYSTEM32\CRYPTSP.dll
0x00007ffd7c2e0000 - 0x00007ffd7c319000 	C:\WINDOWS\system32\rsaenh.dll
0x00007ffd7c9f0000 - 0x00007ffd7ca22000 	C:\WINDOWS\SYSTEM32\USERENV.dll
0x00007ffd7d590000 - 0x00007ffd7d5ba000 	C:\WINDOWS\SYSTEM32\bcrypt.dll
0x00007ffd7cc50000 - 0x00007ffd7cc5c000 	C:\WINDOWS\SYSTEM32\CRYPTBASE.dll
0x00007ffd69280000 - 0x00007ffd69298000 	C:\WINDOWS\system32\napinsp.dll
0x00007ffd69130000 - 0x00007ffd69143000 	C:\WINDOWS\System32\winrnr.dll
0x00007ffd69100000 - 0x00007ffd69122000 	C:\WINDOWS\system32\nlansp_c.dll
0x00007ffd6a750000 - 0x00007ffd6a766000 	C:\WINDOWS\system32\wshbth.dll
0x00007ffd55510000 - 0x00007ffd55568000 	C:\WINDOWS\SYSTEM32\pdh.dll
0x00007ffd67da0000 - 0x00007ffd67db2000 	C:\WINDOWS\System32\perfproc.dll
0x00007ffd67a60000 - 0x00007ffd67a71000 	C:\WINDOWS\System32\perfos.dll
0x00007ffd7b9e0000 - 0x00007ffd7b9f2000 	C:\WINDOWS\SYSTEM32\pfclient.dll
0x00007ffd51b70000 - 0x00007ffd51b7e000 	C:\Users\mateu\.jdks\openjdk-26\bin\sunmscapi.dll
0x00007ffd7e030000 - 0x00007ffd7e1a8000 	C:\WINDOWS\System32\CRYPT32.dll
0x00007ffd7ce70000 - 0x00007ffd7cea0000 	C:\WINDOWS\SYSTEM32\ncrypt.dll
0x00007ffd7ce20000 - 0x00007ffd7ce5f000 	C:\WINDOWS\SYSTEM32\NTASN1.dll

JVMTI agents:
C:\Program Files\JetBrains\IntelliJ IDEA 2024.3.4.1\lib\idea_rt.jar path:C:\Users\mateu\.jdks\openjdk-26\bin\instrument.dll, loaded, initialized, instrumentlib options:57663

dbghelp: loaded successfully - version: 4.0.5 - missing functions: none
symbol engine: initialized successfully - sym options: 0x614 - pdb path: .;C:\Users\mateu\.jdks\openjdk-26\bin;C:\WINDOWS\SYSTEM32;C:\WINDOWS\WinSxS\amd64_microsoft.windows.common-controls_6595b64144ccf1df_6.0.26100.8875_none_3e0d5d42e32fe9dd;C:\Users\mateu\.jdks\openjdk-26\bin\server

VM Arguments:
jvm_args: -XX:TieredStopAtLevel=1 -Dspring.output.ansi.enabled=always -Dcom.sun.management.jmxremote -Dspring.jmx.enabled=true -Dspring.liveBeansView.mbeanDomain -Dspring.application.admin.enabled=true -Dmanagement.endpoints.jmx.exposure.include=* -javaagent:C:\Program Files\JetBrains\IntelliJ IDEA 2024.3.4.1\lib\idea_rt.jar=57663 -Dfile.encoding=UTF-8 -Dsun.stdout.encoding=UTF-8 -Dsun.stderr.encoding=UTF-8 
java_command: com.example.springlearning.spring_learning.SpringLearningApplication
java_class_path (initial): C:\Users\mateu\Documents\SpringLearning\spring-learning\target\classes;C:\Users\mateu\.m2\repository\org\springframework\boot\spring-boot-starter-webmvc\4.1.0\spring-boot-starter-webmvc-4.1.0.jar;C:\Users\mateu\.m2\repository\org\springframework\boot\spring-boot-starter\4.1.0\spring-boot-starter-4.1.0.jar;C:\Users\mateu\.m2\repository\org\springframework\boot\spring-boot-starter-logging\4.1.0\spring-boot-starter-logging-4.1.0.jar;C:\Users\mateu\.m2\repository\ch\qos\logback\logback-classic\1.5.34\logback-classic-1.5.34.jar;C:\Users\mateu\.m2\repository\ch\qos\logback\logback-core\1.5.34\logback-core-1.5.34.jar;C:\Users\mateu\.m2\repository\org\apache\logging\log4j\log4j-to-slf4j\2.25.4\log4j-to-slf4j-2.25.4.jar;C:\Users\mateu\.m2\repository\org\apache\logging\log4j\log4j-api\2.25.4\log4j-api-2.25.4.jar;C:\Users\mateu\.m2\repository\org\slf4j\jul-to-slf4j\2.0.18\jul-to-slf4j-2.0.18.jar;C:\Users\mateu\.m2\repository\org\springframework\boot\spring-boot-autoconfigure\4.1.0\spring-boot-autoconfigure-4.1.0.jar;C:\Users\mateu\.m2\repository\jakarta\annotation\jakarta.annotation-api\3.0.0\jakarta.annotation-api-3.0.0.jar;C:\Users\mateu\.m2\repository\org\yaml\snakeyaml\2.6\snakeyaml-2.6.jar;C:\Users\mateu\.m2\repository\org\springframework\boot\spring-boot-starter-jackson\4.1.0\spring-boot-starter-jackson-4.1.0.jar;C:\Users\mateu\.m2\repository\org\springframework\boot\spring-boot-jackson\4.1.0\spring-boot-jackson-4.1.0.jar;C:\Users\mateu\.m2\repository\tools\jackson\core\jackson-databind\3.1.4\jackson-databind-3.1.4.jar;C:\Users\mateu\.m2\repository\com\fasterxml\jackson\core\jackson-annotations\2.21\jackson-annotations-2.21.jar;C:\Users\mateu\.m2\repository\tools\jackson\core\jackson-core\3.1.4\jackson-core-3.1.4.jar;C:\Users\mateu\.m2\repository\org\springframework\boot\spring-boot-starter-tomcat\4.1.0\spring-boot-starter-tomcat-4.1.0.jar;C:\Users\mateu\.m2\repository\org\springframework\boot\spring-boot-starter-tomcat-runtime\4.1.0\spring-boot-starter-tomcat-runtime-4.1.0.jar;C:\Users\mateu\.m2\repository\org\apache\tomcat\embed\tomcat-embed-core\11.0.22\tomcat-embed-core-11.0.22.jar;C:\Users\mateu\.m2\repository\org\apache\tomcat\embed\tomcat-embed-el\11.0.22\tomcat-embed-el-11.0.22.jar;C:\Users\mateu\.m2\repository\org\apache\tomcat\embed\tomcat-embed-websocket\11.0.22\tomcat-embed-websocket-11.0.22.jar;C:\Users\mateu\.m2\repository\org\springframework\boot\spring-boot-tomcat\4.1.0\spring-boot-tomcat-4.1.0.jar;C:\Users\mateu\.m2\repository\org\springframework\boot\spring-boot-http-converter\4.1.0\spring-boot-http-converter-4.1.0.jar;C:\Users\mateu\.m2\repository\org\springframework\boot\spring-boot\4.1.0\spring-boot-4.1.0.jar;C:\Users\mateu\.m2\repository\org\springframework\spring-context\7.0.8\spring-context-7.0.8.jar;C:\Users\mateu\.m2\repository\org\springframework\spring-web\7.0.8\spring-web-7.0.8.jar;C:\Users\mateu\.m2\repository\org\springframework\spring-beans\7.0.8\spring-beans-7.0.8.jar;C:\Users\mateu\.m2\repository\io\micrometer\micrometer-observation\1.17.0\micrometer-observation-1.17.0.jar;C:\Users\mateu\.m2\repository\io\micrometer\micrometer-commons\1.17.0\micrometer-commons-1.17.0.jar;C:\Users\mateu\.m2\repository\org\springframework\boot\spring-boot-webmvc\4.1.0\spring-boot-webmvc-4.1.0.jar;C:\Users\mateu\.m2\repository\org\springframework\boot\spring-boot-servlet\4.1.0\spring-boot-servlet-4.1.0.jar;C:\Users\mateu\.m2\repository\org\springframework\spring-webmvc\7.0.8\spring-webmvc-7.0.8.jar;C:\Users\mateu\.m2\repository\org\springframework\spring-aop\7.0.8\spring-aop-7.0.8.jar;C:\Users\mateu\.m2\repository\org\springframework\spring-expression\7.0.8\spring-expression-7.0.8.jar;C:\Users\mateu\.m2\repository\org\slf4j\slf4j-api\2.0.18\slf4j-api-2.0.18.jar;C:\Users\mateu\.m2\repository\org\springframework\spring-core\7.0.8\spring-core-7.0.8.jar;C:\Users\mateu\.m2\repository\commons-logging\commons-logging\1.3.6\commons-logging-1.3.6.jar;C:\Users\mateu\.m2\repository\org\jspecify\jspecify\1.0.0\jspecify-1.0.0.jar;C:\Users\mateu\.m2\repository\org\springframework\boot\spring-boot-web-server\4.1.0\spring-boot-web-server-4.1.0.jar
Launcher Type: SUN_STANDARD

[Global flags]
     bool AOTAdapterCaching                        = false                                  {diagnostic} {ergonomic}
     bool AOTInvokeDynamicLinking                  = false                                  {diagnostic} {ergonomic}
     bool AOTRecordTraining                        = false                                  {diagnostic} {ergonomic}
     bool AOTReplayTraining                        = false                                  {diagnostic} {ergonomic}
     bool AOTStubCaching                           = false                                  {diagnostic} {ergonomic}
     intx CICompilerCount                          = 4                                         {product} {ergonomic}
     uint ConcGCThreads                            = 3                                         {product} {ergonomic}
     uint G1ConcRefinementThreads                  = 10                                        {product} {ergonomic}
     uint G1EagerReclaimRemSetThreshold            = 16                                   {experimental} {ergonomic}
   size_t G1HeapRegionSize                         = 2097152                                   {product} {ergonomic}
     uint G1RemSetArrayOfCardsEntries              = 16                                   {experimental} {ergonomic}
     uint G1RemSetHowlMaxNumBuckets                = 8                                    {experimental} {ergonomic}
     uint G1RemSetHowlNumBuckets                   = 8                                    {experimental} {ergonomic}
   size_t InitialHeapSize                          = 8388608                                   {product} {ergonomic}
     bool IntelJccErratumMitigation                = false                             {ARCH diagnostic} {ergonomic}
     bool ManagementServer                         = true                                      {product} {command line}
   size_t MarkStackSize                            = 4194304                                   {product} {ergonomic}
   size_t MarkStackSizeMax                         = 536870912                                 {product} {ergonomic}
   size_t MaxHeapSize                              = 4213178368                                {product} {ergonomic}
   size_t MaxNewSize                               = 2527068160                                {product} {ergonomic}
 uint64_t MaxRAM                                   = 16849256448                               {product} {ergonomic}
   size_t MinHeapDeltaBytes                        = 2097152                                   {product} {ergonomic}
   size_t MinHeapSize                              = 8388608                                   {product} {ergonomic}
   size_t NonNMethodCodeHeapSize                   = 4096                                   {pd product} {ergonomic}
   size_t NonProfiledCodeHeapSize                  = 0                                      {pd product} {ergonomic}
     bool ProfileInterpreter                       = false                                  {pd product} {command line}
   size_t ProfiledCodeHeapSize                     = 0                                      {pd product} {ergonomic}
   size_t SoftMaxHeapSize                          = 4213178368                             {manageable} {ergonomic}
     intx TieredStopAtLevel                        = 1                                         {product} {command line}
     bool UseCompressedOops                        = true                           {product lp64_product} {ergonomic}
     bool UseCondCardMark                          = true                                      {product} {ergonomic}
     bool UseFastUnorderedTimeStamps               = true                                 {experimental} {ergonomic}
     bool UseG1GC                                  = true                                      {product} {ergonomic}
     bool UseLargePagesIndividualAllocation        = false                                  {pd product} {ergonomic}
      int X86ICacheSync                            = 3                                 {ARCH diagnostic} {ergonomic}

Logging:
Log output configuration:
 #0: stdout all=warning uptime,level,tags foldmultilines=false
 #1: stderr all=off uptime,level,tags foldmultilines=false

Release file:
IMPLEMENTOR="Oracle Corporation" 
JAVA_RUNTIME_VERSION="26+35-2893" 
JAVA_VERSION="26" 
JAVA_VERSION_DATE="2026-03-17" 
LIBC="default" 
MODULES="java.base java.compiler java.datatransfer java.xml java.prefs java.desktop java.instrument java.logging java.management java.security.sasl java.naming java.rmi java.management.rmi java.net.http java.scripting java.security.jgss java.transaction.xa java.sql java.sql.rowset java.xml.crypto java.se java.smartcardio jdk.accessibility jdk.internal.jvmstat jdk.attach jdk.charsets jdk.internal.opt jdk.zipfs jdk.compiler jdk.crypto.cryptoki jdk.crypto.ec jdk.crypto.mscapi jdk.dynalink jdk.internal.ed jdk.editpad jdk.internal.vm.ci jdk.graal.compiler jdk.graal.compiler.management jdk.hotspot.agent jdk.httpserver jdk.incubator.vector jdk.internal.le jdk.internal.md jdk.jartool jdk.javadoc jdk.jcmd jdk.management jdk.management.agent jdk.jconsole jdk.jdeps jdk.jdwp.agent jdk.jdi jdk.jfr jdk.jlink jdk.jpackage jdk.jshell jdk.jstatd jdk.localedata jdk.management.jfr jdk.naming.dns jdk.naming.rmi jdk.net jdk.nio.mapmode jdk.sctp jdk.security.auth jdk.security.jgss jdk.unsupported jdk.unsupported.desktop jdk.xml.dom" 
OS_ARCH="x86_64" 
OS_NAME="Windows" 
SOURCE=".:git:4408cd2a07a1" 

Environment Variables:
JAVA_HOME=C:\Program Files\Java\jdk-17
PATH=C:\Program Files\Common Files\Oracle\Java\javapath;C:\Program Files (x86)\Common Files\Oracle\Java\javapath;C:\Program Files (x86)\NVIDIA Corporation\PhysX\Common;C:\WINDOWS\system32;C:\WINDOWS;C:\WINDOWS\System32\Wbem;C:\WINDOWS\System32\WindowsPowerShell\v1.0\;C:\WINDOWS\System32\OpenSSH\;C:\Program Files\dotnet\;C:\Program Files\nodejs\;C:\Program Files\CMake\bin;C:\Program Files\CMake\bin;C:\Program Files (x86)\Windows Kits\10\Windows Performance Toolkit\;C:\Program Files (x86)\Microsoft SQL Server\170\Tools\Binn\;C:\Program Files\Microsoft SQL Server\170\Tools\Binn\;C:\Program Files\Microsoft SQL Server\Client SDK\ODBC\180\Tools\Binn\;C:\Program Files\Microsoft SQL Server\170\DTS\Binn\;C:\Program Files\swipl\bin;C:\Program Files\Git\cmd;C:\Program Files\Docker\Docker\resources\bin;C:\Program Files\Java\jdk-17\bin;C:\Users\mateu\AppData\Local\Programs\Python\Python310\Scripts\;C:\Users\mateu\AppData\Local\Programs\Python\Python310\;C:\Users\mateu\AppData\Local\Programs\Python\Python314\Scripts\;C:\Users\mateu\AppData\Local\Programs\Python\Python314\;C:\Users\mateu\AppData\Local\Programs\Python\Launcher\;C:\Program Files (x86)\NVIDIA Corporation\PhysX\Common;C:\WINDOWS\system32;C:\WINDOWS;C:\WINDOWS\System32\Wbem;C:\WINDOWS\System32\WindowsPowerShell\v1.0\;C:\WINDOWS\System32\OpenSSH\;C:\Program Files\dotnet\;C:\Program Files (x86)\Windows Kits\10\Windows Performance Toolkit\;C:\Program Files\Git\cmd;C:\Program Files\nodejs\;C:\Users\mateu\AppData\Local\Microsoft\WindowsApps;C:\Users\mateu\AppData\Local\Programs\Microsoft VS Code\bin;C:\Program Files\JetBrains\IntelliJ IDEA 2024.3.4.1\bin;C:\Program Files\JetBrains\WebStorm 2024.3.5\bin;C:\Users\mateu\AppData\Roaming\npm;C:\ProgramFiles\Microsoft VS Code\bin;C:\Tcl\bin;C:\ghcup\bin;C:\Program Files\JetBrains\PyCharm Community Edition 2025.2.6\bin;C:\msys64\mingw64\bin;C:\Users\mateu\AppData\Local\Programs\Swift\Runtimes\6.2.4\usr\bin\;C:\Users\mateu\AppData\Local\Programs\Swift\Toolchains\6.2.4+Asserts\usr\bin\;C:\Users\mateu\.dotnet\tools
USERNAME=mateu
OS=Windows_NT
PROCESSOR_IDENTIFIER=Intel64 Family 6 Model 186 Stepping 3, GenuineIntel
TMP=C:\Users\mateu\AppData\Local\Temp
TEMP=C:\Users\mateu\AppData\Local\Temp




Compilation memory statistics disabled.

Periodic native trim disabled

---------------  S Y S T E M  ---------------

OS:
 Windows 11 , 64 bit Build 26100 (10.0.26100.8875)
OS uptime: 15 days 6:32 hours
Hyper-V role detected

CPU: total 12 (initial active 12) (hybrid) family 6 model 186 stepping 3 microcode 0x6134, cx8, cmov, fxsr, ht, mmx, 3dnowpref, sse, sse2, sse3, ssse3, sse4.1, sse4.2, popcnt, lzcnt, tsc, tscinvbit, avx, avx2, aes, erms, clmul, bmi1, bmi2, adx, sha, fma, vzeroupper, clflush, clflushopt, clwb, hv, serialize, rdtscp, rdpid, fsrm, gfni, f16c, cet_ibt, cet_ss, hybrid
Processor Information for processor 0
  Max Mhz: 1800, Current Mhz: 1800, Mhz Limit: 1800
Processor Information for processor 1
  Max Mhz: 1800, Current Mhz: 1800, Mhz Limit: 1800
Processor Information for processor 2
  Max Mhz: 1800, Current Mhz: 1800, Mhz Limit: 1800
Processor Information for processor 3
  Max Mhz: 1800, Current Mhz: 1800, Mhz Limit: 1800
Processor Information for processor 4
  Max Mhz: 1800, Current Mhz: 1800, Mhz Limit: 1800
Processor Information for processor 5
  Max Mhz: 1800, Current Mhz: 1800, Mhz Limit: 1800
Processor Information for processor 6
  Max Mhz: 1800, Current Mhz: 1800, Mhz Limit: 1800
Processor Information for processor 7
  Max Mhz: 1800, Current Mhz: 1800, Mhz Limit: 1800
Processor Information for processor 8
  Max Mhz: 1800, Current Mhz: 1800, Mhz Limit: 1800
Processor Information for processor 9
  Max Mhz: 1800, Current Mhz: 1800, Mhz Limit: 1800
Processor Information for processor 10
  Max Mhz: 1800, Current Mhz: 1500, Mhz Limit: 1800
Processor Information for processor 11
  Max Mhz: 1800, Current Mhz: 1800, Mhz Limit: 1800

Memory: 4k page, system-wide physical 16068M (705M free)
TotalPageFile size 65220M (AvailPageFile size 5M)
current process WorkingSet (physical memory assigned to process): 129M, peak: 129M
current process commit charge ("private bytes"): 169M, peak: 224M

vm_info: OpenJDK 64-Bit Server VM (26+35-2893) for windows-amd64 JRE (26+35-2893), built on 2026-02-12T17:04:02Z with MS VC++ 17.13 (VS2022)

END.
